Using network 'test'.


Compiling your contracts...
===========================
> Compiling @openzeppelin\contracts\interfaces\IERC165.sol
> Compiling @openzeppelin\contracts\interfaces\IERC4906.sol
> Compiling @openzeppelin\contracts\interfaces\IERC721.sol
> Compiling @openzeppelin\contracts\token\ERC721\ERC721.sol
> Compiling @openzeppelin\contracts\token\ERC721\IERC721.sol
> Compiling @openzeppelin\contracts\token\ERC721\IERC721Receiver.sol
> Compiling @openzeppelin\contracts\token\ERC721\extensions\ERC721Enumerable.sol
> Compiling @openzeppelin\contracts\token\ERC721\extensions\ERC721URIStorage.sol
> Compiling @openzeppelin\contracts\token\ERC721\extensions\IERC721Enumerable.sol
> Compiling @openzeppelin\contracts\token\ERC721\extensions\IERC721Metadata.sol
> Compiling @openzeppelin\contracts\utils\Address.sol
> Compiling @openzeppelin\contracts\utils\Context.sol
> Compiling @openzeppelin\contracts\utils\Strings.sol
> Compiling @openzeppelin\contracts\utils\introspection\ERC165.sol
> Compiling @openzeppelin\contracts\utils\introspection\IERC165.sol
> Compiling @openzeppelin\contracts\utils\math\Math.sol
> Compiling @openzeppelin\contracts\utils\math\SignedMath.sol
> Compiling .\contracts\PropertyNFT.sol
> Artifacts written to C:\Users\loren\AppData\Local\Temp\test--37984-IS0f1t7eN24w
> Compiled successfully using:
   - solc: 0.8.21+commit.d9974bed.Emscripten.clang

[0m[0m
[0m  Contract: PropertyNFT[0m
  [32m  Ô£ö[0m[90m should check Alice as the admin[0m
  [32m  Ô£ö[0m[90m should allow Alice to assign roles and verify[0m[31m (119ms)[0m
NFT Properties:
------------------
Property Name: LosAngeles
APR: 30
Total Property Raised: 100000
Property Participation: 50000
Property Percentage: 50%
Launchpad ID: 1
Redeem Fees: 10
Sell Fees: 5
Total Earned: 0
------------------
  [32m  Ô£ö[0m[90m should allow Bob to mint a new property and verify[0m[31m (147ms)[0m
  [32m  Ô£ö[0m[90m should verify Bob is holding 1 NFT[0m
  [32m  Ô£ö[0m[90m should verify who is the owner of NFT id[0m
NFT Properties:
------------------
Property Name: LosAngeles
APR: 30
Total Property Raised: 100000
Property Participation: 1000
Property Percentage: 1%
Launchpad ID: 1
Redeem Fees: 10
Sell Fees: 5
Total Earned: 0
------------------
  [32m  Ô£ö[0m[90m should mint a new NFT from same launchpad to enea[0m[31m (135ms)[0m
Tokens for Launchpad ID 1: [ 1, 2 ]
  [32m  Ô£ö[0m[90m should get tokenIDs for same launchpad who generated the NFTs[0m


[92m [0m[32m 7 passing[0m[90m (687ms)[0m

